// Jest Snapshot v1, https://goo.gl/fbAQLP

exports[`<Cart /> should render and match snappy 1`] = `
<header>
  <CloseButton
    onClick={[Function]}
    title="close"
  >
    <button
      className="CloseButton-sc-1ra0913-0 gqJAzm"
      onClick={[Function]}
      title="close"
    >
      Ã—
    </button>
  </CloseButton>
  <Supreme>
    <h3
      className="Supreme-sc-17cuee6-0 lazJZw"
    >
      Miss Coleman Berge
      's Cart
    </h3>
  </Supreme>
  <p>
    You have 
    1
     item
     in your cart.
  </p>
</header>
`;
