// Jest Snapshot v1, https://goo.gl/fbAQLP

exports[`<Nav /> should render a minimal nav when signed out 1`] = `
<ul
  className="NavStyles-sc-2etzop-0 fvwDtr"
  data-test="nav"
>
  <Link
    href="/items"
  >
    <a
      href="/items"
      onClick={[Function]}
    >
      Shop
    </a>
  </Link>
  <Link
    href="/signup"
  >
    <a
      href="/signup"
      onClick={[Function]}
    >
      Sign In
    </a>
  </Link>
</ul>
`;

exports[`<Nav /> should render the amount of items in the cart 1`] = `
<div
  className="count CartCount__Dot-sc-47vfd5-1 jNyuok"
>
  9
</div>
`;
