// Jest Snapshot v1, https://goo.gl/fbAQLP

exports[`<RemoveFromCart /> should render and match snapshot 1`] = `
<button
  className="RemoveFromCart__BigButton-sc-4pqso7-0 kbSqZe"
  onClick={[Function]}
  title="Delete Item"
>
  Ã—
</button>
`;
